---
source: src/parser.rs
expression: result
---
Ok(
    Solfa {
        header: {},
        staffs: [
            Staff {
                dynamics: [],
                measures: [
                    [
                        BeatDivision(
                            BeatDivision {
                                lhs: Note(
                                    Note {
                                        base: D,
                                        variant: Base,
                                        octave: Base,
                                    },
                                ),
                                rhs: Note(
                                    Note {
                                        base: R,
                                        variant: Base,
                                        octave: Base,
                                    },
                                ),
                                kind: Normal,
                            },
                        ),
                        BeatDivision(
                            BeatDivision {
                                lhs: Note(
                                    Note {
                                        base: D,
                                        variant: Base,
                                        octave: Base,
                                    },
                                ),
                                rhs: Note(
                                    Note {
                                        base: R,
                                        variant: Base,
                                        octave: Base,
                                    },
                                ),
                                kind: Normal,
                            },
                        ),
                        BeatDivision(
                            BeatDivision {
                                lhs: Note(
                                    Note {
                                        base: D,
                                        variant: Base,
                                        octave: Base,
                                    },
                                ),
                                rhs: Note(
                                    Note {
                                        base: R,
                                        variant: Base,
                                        octave: Base,
                                    },
                                ),
                                kind: Normal,
                            },
                        ),
                        BeatDivision(
                            BeatDivision {
                                lhs: Note(
                                    Note {
                                        base: D,
                                        variant: Base,
                                        octave: Base,
                                    },
                                ),
                                rhs: Note(
                                    Note {
                                        base: R,
                                        variant: Base,
                                        octave: Base,
                                    },
                                ),
                                kind: Normal,
                            },
                        ),
                    ],
                    [
                        BeatDivision(
                            BeatDivision {
                                lhs: Note(
                                    Note {
                                        base: M,
                                        variant: Base,
                                        octave: Base,
                                    },
                                ),
                                rhs: Note(
                                    Note {
                                        base: F,
                                        variant: Base,
                                        octave: Base,
                                    },
                                ),
                                kind: Normal,
                            },
                        ),
                        BeatDivision(
                            BeatDivision {
                                lhs: Note(
                                    Note {
                                        base: M,
                                        variant: Base,
                                        octave: Base,
                                    },
                                ),
                                rhs: Note(
                                    Note {
                                        base: F,
                                        variant: Base,
                                        octave: Base,
                                    },
                                ),
                                kind: Normal,
                            },
                        ),
                        BeatDivision(
                            BeatDivision {
                                lhs: Note(
                                    Note {
                                        base: M,
                                        variant: Base,
                                        octave: Base,
                                    },
                                ),
                                rhs: Note(
                                    Note {
                                        base: F,
                                        variant: Base,
                                        octave: Base,
                                    },
                                ),
                                kind: Normal,
                            },
                        ),
                        BeatDivision(
                            BeatDivision {
                                lhs: Note(
                                    Note {
                                        base: M,
                                        variant: Base,
                                        octave: Base,
                                    },
                                ),
                                rhs: Note(
                                    Note {
                                        base: F,
                                        variant: Base,
                                        octave: Base,
                                    },
                                ),
                                kind: Normal,
                            },
                        ),
                    ],
                ],
                lyrics: [],
            },
        ],
    },
)
